---
http_interactions:
- request:
    method: head
    uri: http://141.5.99.69/
    body:
      encoding: US-ASCII
      string: ''
    headers:
      Accept:
      - text/plain
  response:
    status:
      code: 200
      message: OK
    headers:
      Date:
      - Thu, 10 Jan 2013 13:52:03 GMT
      Server:
      - Apache/2.2.22 (Ubuntu)
      X-Powered-By:
      - Phusion Passenger (mod_rails/mod_rack) 3.0.18
      X-Frame-Options:
      - sameorigin
      X-Xss-Protection:
      - 1; mode=block
      Accept:
      - application/occi+json,application/json,text/plain,text/uri-list,application/xml,text/xml,application/occi+xml,text/occi
      Set-Cookie:
      - rack.session=BAh7B0kiD3Nlc3Npb25faWQGOgZFRiJFZjBhN2Q3OTAzMmRiOTgyMDU1NDYy%0AYWUwZmM3YzM4ZWZkYTkyNTg4NzUxZjEwOTY5NzQxY2I4OTMxMTQ1MWFjN0ki%0ADXRyYWNraW5nBjsARnsISSIUSFRUUF9VU0VSX0FHRU5UBjsARiItZGEzOWEz%0AZWU1ZTZiNGIwZDMyNTViZmVmOTU2MDE4OTBhZmQ4MDcwOUkiGUhUVFBfQUND%0ARVBUX0VOQ09ESU5HBjsARiItZGEzOWEzZWU1ZTZiNGIwZDMyNTViZmVmOTU2%0AMDE4OTBhZmQ4MDcwOUkiGUhUVFBfQUNDRVBUX0xBTkdVQUdFBjsARiItZGEz%0AOWEzZWU1ZTZiNGIwZDMyNTViZmVmOTU2MDE4OTBhZmQ4MDcwOQ%3D%3D%0A--4a08b97e4dc914f93c8b155758f49c26dd821cd7;
        path=/; HttpOnly
      Content-Length:
      - '738'
      Status:
      - '200'
      Vary:
      - Accept-Encoding
      Content-Type:
      - text/plain;charset=utf-8
    body:
      encoding: US-ASCII
      string: ''
    http_version: 
  recorded_at: Thu, 10 Jan 2013 13:52:42 GMT
- request:
    method: get
    uri: http://141.5.99.69/-/
    body:
      encoding: US-ASCII
      string: ''
    headers:
      Accept:
      - text/plain
  response:
    status:
      code: 200
      message: OK
    headers:
      Date:
      - Thu, 10 Jan 2013 13:52:03 GMT
      Server:
      - Apache/2.2.22 (Ubuntu)
      X-Powered-By:
      - Phusion Passenger (mod_rails/mod_rack) 3.0.18
      X-Frame-Options:
      - sameorigin
      X-Xss-Protection:
      - 1; mode=block
      Accept:
      - application/occi+json,application/json,text/plain,text/uri-list,application/xml,text/xml,application/occi+xml,text/occi
      Set-Cookie:
      - rack.session=BAh7B0kiD3Nlc3Npb25faWQGOgZFRiJFZTMyMTQ2NWY3OGU2NDMxNGUxZmE4%0AZjhkMTUxMDRlMzBhNzIyZDk4MGU0Y2U3YTBjZTU3ZDJmODAwZjMwZjE4NEki%0ADXRyYWNraW5nBjsARnsISSIUSFRUUF9VU0VSX0FHRU5UBjsARiItZGEzOWEz%0AZWU1ZTZiNGIwZDMyNTViZmVmOTU2MDE4OTBhZmQ4MDcwOUkiGUhUVFBfQUND%0ARVBUX0VOQ09ESU5HBjsARiItZGEzOWEzZWU1ZTZiNGIwZDMyNTViZmVmOTU2%0AMDE4OTBhZmQ4MDcwOUkiGUhUVFBfQUNDRVBUX0xBTkdVQUdFBjsARiItZGEz%0AOWEzZWU1ZTZiNGIwZDMyNTViZmVmOTU2MDE4OTBhZmQ4MDcwOQ%3D%3D%0A--1fdf95b9dd725218b62050e3ed08baeb42dc83f7;
        path=/; HttpOnly
      Content-Length:
      - '6397'
      Status:
      - '200'
      Vary:
      - Accept-Encoding
      Content-Type:
      - text/plain;charset=utf-8
    body:
      encoding: US-ASCII
      string: ! 'Category: entity;scheme="http://schemas.ogf.org/occi/core#";class="kind";title="Entity";location="/entity/";attributes="occi.core.id
        occi.core.title"

        Category: resource;scheme="http://schemas.ogf.org/occi/core#";class="kind";title="Resource";rel="http://schemas.ogf.org/occi/core#entity";location="/resource/";attributes="occi.core.summary"

        Category: link;scheme="http://schemas.ogf.org/occi/core#";class="kind";title="Link";rel="http://schemas.ogf.org/occi/core#entity";location="/link/";attributes="occi.core.target
        occi.core.source"

        Category: compute;scheme="http://schemas.ogf.org/occi/infrastructure#";class="kind";title="Compute
        Resource";rel="http://schemas.ogf.org/occi/core#resource";location="/compute/";attributes="occi.compute.architecture
        occi.compute.cores occi.compute.hostname occi.compute.speed occi.compute.memory
        occi.compute.state";actions="http://schemas.ogf.org/occi/infrastructure/compute/action#start
        http://schemas.ogf.org/occi/infrastructure/compute/action#stop http://schemas.ogf.org/occi/infrastructure/compute/action#restart
        http://schemas.ogf.org/occi/infrastructure/compute/action#suspend"

        Category: networkinterface;scheme="http://schemas.ogf.org/occi/infrastructure#";class="kind";title="Networkinterface";rel="http://schemas.ogf.org/occi/core#link";location="/networkinterface/";attributes="occi.networkinterface.interface
        occi.networkinterface.mac occi.networkinterface.state"

        Category: storage;scheme="http://schemas.ogf.org/occi/infrastructure#";class="kind";title="Storage
        Resource";rel="http://schemas.ogf.org/occi/core#resource";location="/storage/";attributes="occi.storage.size
        occi.storage.state";actions="http://schemas.ogf.org/occi/infrastructure/storage/action#online
        http://schemas.ogf.org/occi/infrastructure/storage/action#offline http://schemas.ogf.org/occi/infrastructure/storage/action#backup
        http://schemas.ogf.org/occi/infrastructure/storage/action#snapshot http://schemas.ogf.org/occi/infrastructure/storage/action#resize"

        Category: network;scheme="http://schemas.ogf.org/occi/infrastructure#";class="kind";title="Network
        Resource";rel="http://schemas.ogf.org/occi/core#resource";location="/network/";attributes="occi.network.vlan
        occi.network.label occi.network.state";actions="http://schemas.ogf.org/occi/infrastructure/network/action#up
        http://schemas.ogf.org/occi/infrastructure/network/action#down"

        Category: storagelink;scheme="http://schemas.ogf.org/occi/infrastructure#";class="kind";title="Storage
        Link";rel="http://schemas.ogf.org/occi/core#link";location="/storagelink/";attributes="occi.storagelink.deviceid
        occi.storagelink.mountpoint occi.storagelink.state"

        Category: ipnetwork;scheme="http://schemas.ogf.org/occi/infrastructure/network#";class="mixin";title="IP
        Network Mixin";location="/mixins/ipnetwork/";attributes="occi.network.address
        occi.network.gateway occi.network.allocation occi.network.state"

        Category: resource_tpl;scheme="http://schemas.ogf.org/occi/infrastructure#";class="mixin";title="Resource
        Template";location="/mixins/resource_tpl/"

        Category: os_tpl;scheme="http://schemas.ogf.org/occi/infrastructure#";class="mixin";title="Operating
        System Template";location="/mixins/os_tpl/"

        Category: ipnetworkinterface;scheme="http://schemas.ogf.org/occi/infrastructure/networkinterface#";class="mixin";title="IP
        Networkinterface Mixin";location="/mixins/ipnetworkinterface/";attributes="occi.networkinterface.address
        occi.networkinterface.gateway occi.networkinterface.allocation occi.networkinterface.state"

        Category: my_os;scheme="http://my.occi.service/occi/infrastructure/os_tpl#";class="mixin";title="My
        OS Template";rel="http://schemas.ogf.org/occi/infrastructure#os_tpl";location="/mixins/my_os/"

        Category: large;scheme="http://my.occi.service/occi/infrastructure/resource_tpl#";class="mixin";title="Large
        Instance";rel="http://schemas.ogf.org/occi/infrastructure#resource_tpl";location="/mixins/large/";attributes="occi.compute.architecture
        occi.compute.cores occi.compute.speed occi.compute.memory"

        Category: small;scheme="http://my.occi.service/occi/infrastructure/resource_tpl#";class="mixin";title="Small
        Instance";rel="http://schemas.ogf.org/occi/infrastructure#resource_tpl";location="/mixins/small/";attributes="occi.compute.architecture
        occi.compute.cores occi.compute.speed occi.compute.memory"

        Category: medium;scheme="http://my.occi.service/occi/infrastructure/resource_tpl#";class="mixin";title="Medium
        Instance";rel="http://schemas.ogf.org/occi/infrastructure#resource_tpl";location="/mixins/medium/";attributes="occi.compute.architecture
        occi.compute.cores occi.compute.speed occi.compute.memory"

        Category: extra_large;scheme="http://my.occi.service/occi/infrastructure/resource_tpl#";class="mixin";title="Extra
        Large Instance";rel="http://schemas.ogf.org/occi/infrastructure#resource_tpl";location="/mixins/extra_large/";attributes="occi.compute.architecture
        occi.compute.cores occi.compute.speed occi.compute.memory"

        Category: start;scheme="http://schemas.ogf.org/occi/infrastructure/compute/action#";class="action";title="Start
        Compute instance"

        Category: stop;scheme="http://schemas.ogf.org/occi/infrastructure/compute/action#";class="action";title="Stop
        Compute instance";attributes="method"

        Category: restart;scheme="http://schemas.ogf.org/occi/infrastructure/compute/action#";class="action";title="Restart
        Compute instance";attributes="method"

        Category: suspend;scheme="http://schemas.ogf.org/occi/infrastructure/compute/action#";class="action";title="Suspend
        Compute instance";attributes="method"

        Category: online;scheme="http://schemas.ogf.org/occi/infrastructure/storage/action#";class="action";title="Activate
        Storage"

        Category: offline;scheme="http://schemas.ogf.org/occi/infrastructure/storage/action#";class="action";title="Deactivate
        Storage"

        Category: backup;scheme="http://schemas.ogf.org/occi/infrastructure/storage/action#";class="action";title="Backup
        Storage"

        Category: snapshot;scheme="http://schemas.ogf.org/occi/infrastructure/storage/action#";class="action";title="Snapshot
        Storage"

        Category: resize;scheme="http://schemas.ogf.org/occi/infrastructure/storage/action#";class="action";title="Resize
        Storage";attributes="size"

        Category: up;scheme="http://schemas.ogf.org/occi/infrastructure/network/action#";class="action";title="Activate
        network"

        Category: down;scheme="http://schemas.ogf.org/occi/infrastructure/network/action#";class="action";title="Activate
        network"

'
    http_version: 
  recorded_at: Thu, 10 Jan 2013 13:52:43 GMT
- request:
    method: get
    uri: http://141.5.99.69/
    body:
      encoding: US-ASCII
      string: ''
    headers:
      Accept:
      - text/plain
  response:
    status:
      code: 200
      message: OK
    headers:
      Date:
      - Tue, 12 Mar 2013 13:29:43 GMT
      Server:
      - Apache/2.2.22 (Ubuntu)
      X-Powered-By:
      - Phusion Passenger (mod_rails/mod_rack) 3.0.18
      X-Frame-Options:
      - sameorigin
      X-Xss-Protection:
      - 1; mode=block
      Accept:
      - application/occi+json,application/json,text/plain,text/uri-list,application/xml,text/xml,application/occi+xml,text/occi
      Set-Cookie:
      - rack.session=BAh7B0kiD3Nlc3Npb25faWQGOgZFRiJFMmU0Y2NiMGQ5YzJhOTVhZGFhNDU5%0AMDA3ODMyMjlmOWEzZjhjOWVlYTY0NTZjN2IyYTg3MmZhYjk1OWE0MDQxN0ki%0ADXRyYWNraW5nBjsARnsISSIUSFRUUF9VU0VSX0FHRU5UBjsARiItZGEzOWEz%0AZWU1ZTZiNGIwZDMyNTViZmVmOTU2MDE4OTBhZmQ4MDcwOUkiGUhUVFBfQUND%0ARVBUX0VOQ09ESU5HBjsARiItZGEzOWEzZWU1ZTZiNGIwZDMyNTViZmVmOTU2%0AMDE4OTBhZmQ4MDcwOUkiGUhUVFBfQUNDRVBUX0xBTkdVQUdFBjsARiItZGEz%0AOWEzZWU1ZTZiNGIwZDMyNTViZmVmOTU2MDE4OTBhZmQ4MDcwOQ%3D%3D%0A--6f6f618f7f166d4a0758636dd6fb0f6d19b29e38;
        path=/; HttpOnly
      Content-Length:
      - '738'
      Status:
      - '200'
      Vary:
      - Accept-Encoding
      Content-Type:
      - text/plain;charset=utf-8
    body:
      encoding: US-ASCII
      string: ! 'X-OCCI-Location:  http://141.5.99.69/compute/48e7c51c-5a7d-11e2-a300-fa163e16d22f

        X-OCCI-Location:  http://141.5.99.69/compute/6c706278-5a7d-11e2-a300-fa163e16d22f

        X-OCCI-Location:  http://141.5.99.69/compute/7582ffc4-5a7d-11e2-a300-fa163e16d22f

        X-OCCI-Location:  http://141.5.99.69/compute/8eb0deb2-5a7d-11e2-a300-fa163e16d22f

        X-OCCI-Location:  http://141.5.99.69/compute/8efa93e0-5a7d-11e2-a300-fa163e16d22f

        X-OCCI-Location:  http://141.5.99.69/compute/49cbeaee-5b1d-11e2-a300-fa163e16d22f

        X-OCCI-Location:  http://141.5.99.69/compute/c87fa76c-5b1e-11e2-a300-fa163e16d22f

        X-OCCI-Location:  http://141.5.99.69/compute/1cc544b2-5b1f-11e2-a300-fa163e16d22f

        X-OCCI-Location:  http://141.5.99.69/compute/38e2a6b2-5b1f-11e2-a300-fa163e16d22f

'
    http_version: 
  recorded_at: Tue, 12 Mar 2013 13:29:36 GMT
- request:
    method: head
    uri: http://141.5.99.69/
    body:
      encoding: US-ASCII
      string: ''
    headers:
      Accept:
      - text/plain
  response:
    status:
      code: 200
      message: OK
    headers:
      Date:
      - Tue, 12 Mar 2013 15:27:54 GMT
      Server:
      - Apache/2.2.22 (Ubuntu)
      X-Powered-By:
      - Phusion Passenger (mod_rails/mod_rack) 3.0.18
      X-Frame-Options:
      - sameorigin
      X-Xss-Protection:
      - 1; mode=block
      Accept:
      - application/occi+json,application/json,text/plain,text/uri-list,application/xml,text/xml,application/occi+xml,text/occi
      Set-Cookie:
      - rack.session=BAh7B0kiD3Nlc3Npb25faWQGOgZFRiJFMzlhOTdjYjQxNGViNWE2MmE0YjJk%0AOTMwZTIwMWEwOGRkMjUyMmE5YjgwZjAzNzU3MDM1NjZmNDIyZDhkNWExNEki%0ADXRyYWNraW5nBjsARnsISSIUSFRUUF9VU0VSX0FHRU5UBjsARiItZGEzOWEz%0AZWU1ZTZiNGIwZDMyNTViZmVmOTU2MDE4OTBhZmQ4MDcwOUkiGUhUVFBfQUND%0ARVBUX0VOQ09ESU5HBjsARiItZGEzOWEzZWU1ZTZiNGIwZDMyNTViZmVmOTU2%0AMDE4OTBhZmQ4MDcwOUkiGUhUVFBfQUNDRVBUX0xBTkdVQUdFBjsARiItZGEz%0AOWEzZWU1ZTZiNGIwZDMyNTViZmVmOTU2MDE4OTBhZmQ4MDcwOQ%3D%3D%0A--9b0b4234d587b059fff353f54131d4d28dab6a38;
        path=/; HttpOnly
      Content-Length:
      - '738'
      Status:
      - '200'
      Vary:
      - Accept-Encoding
      Content-Type:
      - text/plain;charset=utf-8
    body:
      encoding: US-ASCII
      string: ''
    http_version: 
  recorded_at: Tue, 12 Mar 2013 15:27:47 GMT
recorded_with: VCR 2.4.0
